//! [score_matrix::out]
database:	AACCGGTT
query:		ACGT

score_matrix: 9 columns and 5 rows
 ;  ;  ;  ;  ;  ;  ;  ;  ;  ;
 ;0 ;-1;-2;-3;-4;-5;-6;-7;-8;
 ;-1;0 ;-1;-2;-3;-4;-5;-6;-7;
 ;-2;-1;-1;-1;-2;-3;-4;-5;-6;
 ;-3;-2;-2;-2;-2;-2;-3;-4;-5;
 ;-4;-3;-3;-3;-3;-3;-3;-3;-4;

 ;  ;A ;A ;C ;C ;G ;G ;T ;T ;
 ;0 ;-1;-2;-3;-4;-5;-6;-7;-8;
A;-1;0 ;-1;-2;-3;-4;-5;-6;-7;
C;-2;-1;-1;-1;-2;-3;-4;-5;-6;
G;-3;-2;-2;-2;-2;-2;-3;-4;-5;
T;-4;-3;-3;-3;-3;-3;-3;-3;-4;

 ║ε ║A ║A ║C ║C ║G ║G ║T ║T ║
 ╬══╬══╬══╬══╬══╬══╬══╬══╬══╬
ε║0 ║-1║-2║-3║-4║-5║-6║-7║-8║
 ╬══╬══╬══╬══╬══╬══╬══╬══╬══╬
A║-1║0 ║-1║-2║-3║-4║-5║-6║-7║
 ╬══╬══╬══╬══╬══╬══╬══╬══╬══╬
C║-2║-1║-1║-1║-2║-3║-4║-5║-6║
 ╬══╬══╬══╬══╬══╬══╬══╬══╬══╬
G║-3║-2║-2║-2║-2║-2║-3║-4║-5║
 ╬══╬══╬══╬══╬══╬══╬══╬══╬══╬
T║-4║-3║-3║-3║-3║-3║-3║-3║-4║
//! [score_matrix::out]
//! [trace_matrix::out]
database:	AACCGGTT
query:		ACGT

trace_matrix: 9 columns and 5 rows
 ;  ;  ;  ;  ;  ;  ;  ;  ;  ;
 ;N ;L ;L ;L ;L ;L ;L ;L ;L ;
 ;U ;D ;DL;L ;L ;L ;L ;L ;L ;
 ;U ;U ;D ;D ;DL;L ;L ;L ;L ;
 ;U ;U ;DU;DU;D ;D ;DL;L ;L ;
 ;U ;U ;DU;DU;DU;DU;D ;D ;DL;

 ;  ;A ;A ;C ;C ;G ;G ;T ;T ;
 ;N ;L ;L ;L ;L ;L ;L ;L ;L ;
A;U ;D ;DL;L ;L ;L ;L ;L ;L ;
C;U ;U ;D ;D ;DL;L ;L ;L ;L ;
G;U ;U ;DU;DU;D ;D ;DL;L ;L ;
T;U ;U ;DU;DU;DU;DU;D ;D ;DL;

 ║ε ║A ║A ║C ║C ║G ║G ║T ║T ║
 ╬══╬══╬══╬══╬══╬══╬══╬══╬══╬
ε║↺ ║← ║← ║← ║← ║← ║← ║← ║← ║
 ╬══╬══╬══╬══╬══╬══╬══╬══╬══╬
A║↑ ║↖ ║↖←║← ║← ║← ║← ║← ║← ║
 ╬══╬══╬══╬══╬══╬══╬══╬══╬══╬
C║↑ ║↑ ║↖ ║↖ ║↖←║← ║← ║← ║← ║
 ╬══╬══╬══╬══╬══╬══╬══╬══╬══╬
G║↑ ║↑ ║↖↑║↖↑║↖ ║↖ ║↖←║← ║← ║
 ╬══╬══╬══╬══╬══╬══╬══╬══╬══╬
T║↑ ║↑ ║↖↑║↖↑║↖↑║↖↑║↖ ║↖ ║↖←║
//! [trace_matrix::out]
